C51 COMPILER V8.08   FLASH                                                                 05/13/2018 16:40:33 PAGE 1   


C51 COMPILER V8.08, COMPILATION OF MODULE FLASH
OBJECT MODULE PLACED IN flash.OBJ
COMPILER INVOKED BY: F:\applecation E\kell\C51\BIN\C51.EXE flash.c COMPACT OPTIMIZE(8,SPEED) BROWSE DEBUG OBJECTEXTEND

line level    source

   1          #include "REG52.H"
   2          #include "intrins.h"
   3          #include "config.h"
   4          #include "math.h"
   5          #include "delay.h"
   6          
   7          
   8          /*From now on,the function below is to display the flash.*/
   9          
  10          
  11          void flash_1()
  12          
  13          {
  14   1      
  15   1       
  16   1      
  17   1               clear(0);
  18   1      
  19   1               type(1,0);
  20   1      
  21   1               delay(60000);
  22   1      
  23   1               type(2,0);
  24   1      
  25   1               delay(60000);
  26   1      
  27   1               type(3,0);
  28   1      
  29   1               delay(60000);
  30   1      
  31   1               type(4,0);
  32   1      
  33   1               delay(60000);
  34   1      
  35   1               delay(60000);
  36   1      
  37   1               clear(0);
  38   1      
  39   1               rolldisplay(30000);
  40   1      
  41   1               type(0,7);
  42   1      
  43   1               delay(60000);
  44   1      
  45   1               trailler(6000);
  46   1      
  47   1               delay(60000);
  48   1      
  49   1      }
  50          
  51          void flash_2()
  52          
  53          {
  54   1      
  55   1               uchar i;
C51 COMPILER V8.08   FLASH                                                                 05/13/2018 16:40:33 PAGE 2   

  56   1      
  57   1               for (i=129;i>0;i--)
  58   1      
  59   1               {
  60   2      
  61   2                         cirp(i-2,0,1);
  62   2      
  63   2                         delay(8000);
  64   2      
  65   2                         cirp(i-1,0,0);
  66   2      
  67   2               }
  68   1      
  69   1               delay(8000);     
  70   1      
  71   1               for (i=0;i<136;i++)
  72   1      
  73   1               {
  74   2      
  75   2                         cirp(i,1,1);
  76   2      
  77   2                         delay(8000);
  78   2      
  79   2                         cirp(i-8,1,0);
  80   2      
  81   2               }
  82   1      
  83   1               delay(8000);
  84   1      
  85   1                        for (i=129;i>0;i--)
  86   1      
  87   1               {
  88   2      
  89   2                         cirp(i-2,0,1);
  90   2      
  91   2                         delay(8000);
  92   2      
  93   2               }
  94   1      
  95   1               delay(8000);
  96   1      
  97   1                         for (i=0;i<128;i++)
  98   1      
  99   1               {
 100   2      
 101   2                         cirp(i-8,1,0);
 102   2      
 103   2                         delay(8000);
 104   2      
 105   2               }
 106   1      
 107   1               delay(60000);  
 108   1      
 109   1      }
 110          
 111          void flash_3()
 112          
 113          {
 114   1      
 115   1               char i;
 116   1      
 117   1               for (i=0;i<8;i++)
C51 COMPILER V8.08   FLASH                                                                 05/13/2018 16:40:33 PAGE 3   

 118   1      
 119   1               {
 120   2      
 121   2                         box_apeak_xy(0,i,0,7,i,7,1,1);
 122   2      
 123   2                         delay(20000);
 124   2      
 125   2                         if (i<7)
 126   2      
 127   2                         box_apeak_xy(0,i,0,7,i,7,1,0);
 128   2      
 129   2               }
 130   1      
 131   1               for (i=7;i>=0;i--)
 132   1      
 133   1               {
 134   2      
 135   2                         box_apeak_xy(0,i,0,7,i,7,1,1);
 136   2      
 137   2                         delay(20000);
 138   2      
 139   2                         if (i>0)
 140   2      
 141   2                         box_apeak_xy(0,i,0,7,i,7,1,0);
 142   2      
 143   2               }
 144   1      
 145   1               for (i=0;i<8;i++)
 146   1      
 147   1               {
 148   2      
 149   2                         box_apeak_xy(0,i,0,7,i,7,1,1);
 150   2      
 151   2                         delay(20000);
 152   2      
 153   2                         if (i<7)
 154   2      
 155   2                         box_apeak_xy(0,i,0,7,i,7,1,0);
 156   2      
 157   2               }
 158   1      
 159   1      }
 160          
 161          void flash_4()
 162          
 163          {
 164   1      
 165   1               char i,j,an[8];
 166   1      
 167   1               for (j=7;j<15;j++)
 168   1      
 169   1                         an[j-7]=j;
 170   1      
 171   1               for (i=0;i<=16;i++)
 172   1      
 173   1               {
 174   2      
 175   2                         for (j=0;j<8;j++)
 176   2      
 177   2                         {
 178   3      
 179   3                                  if ((an[j]<8)&(an[j]>=0))
C51 COMPILER V8.08   FLASH                                                                 05/13/2018 16:40:33 PAGE 4   

 180   3      
 181   3                                  line(0,an[j],j,7,an[j],j,1);
 182   3      
 183   3                         }
 184   2      
 185   2                         for (j=0;j<8;j++)
 186   2      
 187   2                         {
 188   3      
 189   3                                  if (((an[j]+1)<8)&(an[j]>=0))
 190   3      
 191   3                                  line(0,an[j]+1,j,7,an[j]+1,j,0);
 192   3      
 193   3                         }
 194   2      
 195   2                         for (j=0;j<8;j++)
 196   2      
 197   2                         {
 198   3      
 199   3                                  if (an[j]>0)
 200   3      
 201   3                                  an[j]--;
 202   3      
 203   3                         }
 204   2      
 205   2                         delay(15000);
 206   2      
 207   2               }
 208   1      
 209   1               for (j=0;j<8;j++)
 210   1      
 211   1                         an[j]=1-j;
 212   1      
 213   1               for (i=0;i<=16;i++)
 214   1      
 215   1               {
 216   2      
 217   2                         for (j=0;j<8;j++)
 218   2      
 219   2                         {
 220   3      
 221   3                                  if ((an[j]<8)&(an[j]>=0))
 222   3      
 223   3                                  line(0,an[j],j,7,an[j],j,1);
 224   3      
 225   3                         }
 226   2      
 227   2                         for (j=0;j<8;j++)
 228   2      
 229   2                         {
 230   3      
 231   3                                  if (((an[j]-1)<7)&(an[j]>0))
 232   3      
 233   3                                  line(0,an[j]-1,j,7,an[j]-1,j,0);
 234   3      
 235   3                         }
 236   2      
 237   2                         for (j=0;j<8;j++)
 238   2      
 239   2                         {
 240   3      
 241   3                                  if (an[j]<7)
C51 COMPILER V8.08   FLASH                                                                 05/13/2018 16:40:33 PAGE 5   

 242   3      
 243   3                                  an[j]++;
 244   3      
 245   3                         }
 246   2      
 247   2                         delay(15000);
 248   2      
 249   2               }
 250   1      
 251   1      }
 252          
 253          void flash_5()
 254          
 255          {
 256   1      
 257   1               uint a=15000;//a=delay
 258   1      
 259   1               char i=8,j,an[4];
 260   1      
 261   1               //1
 262   1      
 263   1               for (j=7;j<11;j++)
 264   1      
 265   1                         an[j-7]=j;
 266   1      
 267   1               while(i--)
 268   1      
 269   1               {
 270   2      
 271   2                         for (j=0;j<4;j++)
 272   2      
 273   2                         {
 274   3      
 275   3                                  if (an[j]<8)
 276   3      
 277   3                                  box_apeak_xy(j,an[j],j,7-j,an[j],7-j,0,1);
 278   3      
 279   3                                  if (an[j]<7)
 280   3      
 281   3                                  box_apeak_xy(j,an[j]+1,j,7-j,an[j]+1,7-j,0,0);
 282   3      
 283   3                         }
 284   2      
 285   2                         for (j=0;j<4;j++)
 286   2      
 287   2                         {
 288   3      
 289   3                                  if (an[j]>3)
 290   3      
 291   3                                  an[j]--;
 292   3      
 293   3                         }
 294   2      
 295   2                         delay(a);
 296   2      
 297   2               }
 298   1      
 299   1               //2
 300   1      
 301   1               i=3;
 302   1      
 303   1               for (j=0;j<4;j++)
C51 COMPILER V8.08   FLASH                                                                 05/13/2018 16:40:33 PAGE 6   

 304   1      
 305   1               an[j]=5-j;
 306   1      
 307   1               while(i--)
 308   1      
 309   1               {
 310   2      
 311   2                         for (j=1;j<4;j++)
 312   2      
 313   2                         {
 314   3      
 315   3                                  if (an[j]<4)
 316   3      
 317   3                                  box_apeak_xy(j,an[j],j,7-j,an[j],7-j,0,1);
 318   3      
 319   3                                  if (an[j]<3)
 320   3      
 321   3                                  box_apeak_xy(j,an[j]+1,j,7-j,an[j]+1,7-j,0,0);
 322   3      
 323   3                         }
 324   2      
 325   2                         for (j=0;j<4;j++)
 326   2      
 327   2                         {
 328   3      
 329   3                                  if (an[j]>0)
 330   3      
 331   3                                  an[j]--;
 332   3      
 333   3                         }
 334   2      
 335   2                         delay(a);
 336   2      
 337   2               }
 338   1      
 339   1               //3
 340   1      
 341   1               i=3;
 342   1      
 343   1               for (j=1;j<4;j++)
 344   1      
 345   1               an[j]=4-j;
 346   1      
 347   1               while(i--)
 348   1      
 349   1               {
 350   2      
 351   2                         for (j=1;j<4;j++)
 352   2      
 353   2                         {
 354   3      
 355   3                                  if (an[j]>=0)
 356   3      
 357   3                                  box_apeak_xy(j,an[j],j,7-j,an[j],7-j,0,1);
 358   3      
 359   3                                  if (an[j]>0)
 360   3      
 361   3                                  box_apeak_xy(j,an[j]-1,j,7-j,an[j]-1,7-j,0,0);
 362   3      
 363   3                         }
 364   2      
 365   2                         for (j=1;j<4;j++)
C51 COMPILER V8.08   FLASH                                                                 05/13/2018 16:40:33 PAGE 7   

 366   2      
 367   2                         {
 368   3      
 369   3                                  if (an[j]<3)
 370   3      
 371   3                                  an[j]++;
 372   3      
 373   3                         }
 374   2      
 375   2                         delay(a);
 376   2      
 377   2               }
 378   1      
 379   1       
 380   1      
 381   1               //4
 382   1      
 383   1               i=3;
 384   1      
 385   1               for (j=0;j<4;j++)
 386   1      
 387   1               an[j]=j+1;
 388   1      
 389   1               while(i--)
 390   1      
 391   1               {
 392   2      
 393   2                         for (j=1;j<4;j++)
 394   2      
 395   2                         {
 396   3      
 397   3                                  if (an[j]>3)
 398   3      
 399   3                                  box_apeak_xy(j,an[j],j,7-j,an[j],7-j,0,1);
 400   3      
 401   3                                  if (an[j]>3)
 402   3      
 403   3                                  box_apeak_xy(j,an[j]-1,j,7-j,an[j]-1,7-j,0,0);
 404   3      
 405   3                         }
 406   2      
 407   2                         for (j=0;j<4;j++)
 408   2      
 409   2                                  an[j]++;
 410   2      
 411   2                         delay(a);
 412   2      
 413   2               }
 414   1      
 415   1               //5
 416   1      
 417   1               i=3;
 418   1      
 419   1               for (j=3;j<6;j++)
 420   1      
 421   1                         an[j-2]=j;
 422   1      
 423   1               while(i--)
 424   1      
 425   1               {
 426   2      
 427   2                         for (j=1;j<4;j++)
C51 COMPILER V8.08   FLASH                                                                 05/13/2018 16:40:33 PAGE 8   

 428   2      
 429   2                         {
 430   3      
 431   3                                  box_apeak_xy(j,an[j],j,7-j,an[j],7-j,0,1);
 432   3      
 433   3                                  box_apeak_xy(j,an[j]+1,j,7-j,an[j]+1,7-j,0,0);
 434   3      
 435   3                         }
 436   2      
 437   2                         for (j=0;j<4;j++)
 438   2      
 439   2                         {
 440   3      
 441   3                                  if (an[j]>3)
 442   3      
 443   3                                  an[j]--;
 444   3      
 445   3                         }
 446   2      
 447   2                         delay(a);
 448   2      
 449   2               }
 450   1      
 451   1               //6
 452   1      
 453   1               i=3;
 454   1      
 455   1               for (j=0;j<4;j++)
 456   1      
 457   1               an[j]=5-j;
 458   1      
 459   1               while(i--)
 460   1      
 461   1               {
 462   2      
 463   2                         for (j=1;j<4;j++)
 464   2      
 465   2                         {
 466   3      
 467   3                                  if (an[j]<4)
 468   3      
 469   3                                  box_apeak_xy(j,an[j],j,7-j,an[j],7-j,0,1);
 470   3      
 471   3                                  if (an[j]<3)
 472   3      
 473   3                                  box_apeak_xy(j,an[j]+1,j,7-j,an[j]+1,7-j,0,0);
 474   3      
 475   3                         }
 476   2      
 477   2                         for (j=0;j<4;j++)
 478   2      
 479   2                         {
 480   3      
 481   3                                  if (an[j]>0)
 482   3      
 483   3                                  an[j]--;
 484   3      
 485   3                         }
 486   2      
 487   2                         delay(a);
 488   2      
 489   2               }
C51 COMPILER V8.08   FLASH                                                                 05/13/2018 16:40:33 PAGE 9   

 490   1      
 491   1               //7
 492   1      
 493   1               i=3;
 494   1      
 495   1               for (j=0;j<4;j++)
 496   1      
 497   1               an[j]=3-j;
 498   1      
 499   1               an[0]=2;
 500   1      
 501   1               while(i--)
 502   1      
 503   1               {
 504   2      
 505   2                         for (j=0;j<3;j++)
 506   2      
 507   2                         {
 508   3      
 509   3                                  if (an[j]>=0)
 510   3      
 511   3                                           box_apeak_xy(j,an[j],j,7-j,an[j],7-j,0,1);
 512   3      
 513   3                                  if (an[j]>=0)
 514   3      
 515   3                                           box_apeak_xy(j,an[j]+1,j,7-j,an[j]+1,7-j,0,0);
 516   3      
 517   3                         }
 518   2      
 519   2                         for (j=0;j<4;j++)
 520   2      
 521   2                         {
 522   3      
 523   3                                  if (j<5-i)
 524   3      
 525   3                                  an[j]--;
 526   3      
 527   3                         }
 528   2      
 529   2                         delay(a);
 530   2      
 531   2               }
 532   1      
 533   1               //8
 534   1      
 535   1               i=10;
 536   1      
 537   1               for (j=0;j<4;j++)
 538   1      
 539   1                         an[j]=j-2;
 540   1      
 541   1               while(i--)
 542   1      
 543   1               {
 544   2      
 545   2                         for (j=0;j<4;j++)
 546   2      
 547   2                         {
 548   3      
 549   3                                  if (an[j]>=0)
 550   3      
 551   3                                  box_apeak_xy(j,an[j],j,7-j,an[j],7-j,0,1);
C51 COMPILER V8.08   FLASH                                                                 05/13/2018 16:40:33 PAGE 10  

 552   3      
 553   3                                  if (an[j]>=0)
 554   3      
 555   3                                  box_apeak_xy(j,an[j]-1,j,7-j,an[j]-1,7-j,0,0);
 556   3      
 557   3                         }
 558   2      
 559   2                         for (j=0;j<4;j++)
 560   2      
 561   2                         {
 562   3      
 563   3                                  if (an[j]<7)
 564   3      
 565   3                                  an[j]++;
 566   3      
 567   3                         }
 568   2      
 569   2                         delay(a);
 570   2      
 571   2               }
 572   1      
 573   1      }
 574          
 575          void flash_6()
 576          
 577          {
 578   1      
 579   1            uchar i,j,k,z;
 580   1      
 581   1            roll_apeak_yz(1,10000);
 582   1      
 583   1            roll_apeak_yz(2,10000);
 584   1      
 585   1            roll_apeak_yz(3,10000);
 586   1      
 587   1            roll_apeak_yz(0,10000);
 588   1      
 589   1            roll_apeak_yz(1,10000);
 590   1      
 591   1            roll_apeak_yz(2,10000);
 592   1      
 593   1            roll_apeak_yz(3,10000);
 594   1      
 595   1            for (i=0;i<3;i++)
 596   1      
 597   1                     {
 598   2      
 599   2                               for (j=0;j<8;j++)
 600   2      
 601   2                               {
 602   3      
 603   3                                        for (k=0;k<8;k++)
 604   3      
 605   3                                        {
 606   4      
 607   4                                                 if ((table_3p[i][j]>>k)&1)
 608   4      
 609   4                                                 {
 610   5      
 611   5                                                           for (z=1;z<8;z++)
 612   5      
 613   5                                                                    {
C51 COMPILER V8.08   FLASH                                                                 05/13/2018 16:40:33 PAGE 11  

 614   6      
 615   6                                                                             point (j,7-k,z,1);
 616   6      
 617   6                                                                             if (z-1)
 618   6      
 619   6                                                                             point (j,7-k,z-1,0);
 620   6      
 621   6                                                                             delay(5000);
 622   6      
 623   6                                                                    }
 624   5      
 625   5                                                 }
 626   4      
 627   4                                        }
 628   3      
 629   3                               }
 630   2      
 631   2                               trans(7,15000);
 632   2      
 633   2                     }
 634   1      
 635   1      }
 636          
 637          void flash_7()
 638          
 639          {
 640   1      
 641   1            uchar i;
 642   1      
 643   1            uint a=3000;
 644   1      
 645   1            roll_apeak_yz(0,10000);
 646   1      
 647   1            roll_apeak_yz(1,10000);
 648   1      
 649   1            roll_apeak_yz(2,10000);
 650   1      
 651   1            roll_apeak_yz(3,10000);
 652   1      
 653   1            roll_apeak_yz(0,10000);
 654   1      
 655   1            roll_apeak_yz(1,10000);
 656   1      
 657   1            roll_apeak_yz(2,10000);
 658   1      
 659   1            roll_apeak_yz(3,10000);
 660   1      
 661   1            roll_apeak_yz(0,10000);
 662   1      
 663   1            roll_apeak_yz(1,10000);
 664   1      
 665   1            roll_apeak_yz(2,10000);
 666   1      
 667   1            roll_apeak_xy(0,10000);
 668   1      
 669   1            roll_apeak_xy(1,10000);
 670   1      
 671   1            roll_apeak_xy(2,10000);
 672   1      
 673   1            roll_apeak_xy(3,10000);
 674   1      
 675   1            roll_apeak_xy(0,10000);
C51 COMPILER V8.08   FLASH                                                                 05/13/2018 16:40:33 PAGE 12  

 676   1      
 677   1            roll_apeak_xy(1,10000);
 678   1      
 679   1            roll_apeak_xy(2,10000);
 680   1      
 681   1            roll_apeak_xy(3,10000);
 682   1      
 683   1            for (i=0;i<8;i++)
 684   1      
 685   1            {
 686   2      
 687   2                     box_apeak_xy (0,i,0,7-i,i,7,1,1);
 688   2      
 689   2                     delay(a);
 690   2      
 691   2            }
 692   1      
 693   1            delay(30000);
 694   1      
 695   1            roll_3_xy(0,a);
 696   1      
 697   1            delay(30000);
 698   1      
 699   1            roll_3_xy(1,a);
 700   1      
 701   1            delay(30000);
 702   1      
 703   1            roll_3_xy(2,a);
 704   1      
 705   1            delay(30000);
 706   1      
 707   1            roll_3_xy(3,a);
 708   1      
 709   1            delay(30000);
 710   1      
 711   1            roll_3_xy(0,a);
 712   1      
 713   1            delay(30000);
 714   1      
 715   1            roll_3_xy(1,a);
 716   1      
 717   1            delay(30000);
 718   1      
 719   1            roll_3_xy(2,a);
 720   1      
 721   1            delay(30000);
 722   1      
 723   1            roll_3_xy(3,a);
 724   1      
 725   1            for (i=7;i>0;i--)
 726   1      
 727   1            {
 728   2      
 729   2                     box_apeak_xy(i,0,0,i,7,7,1,0);
 730   2      
 731   2                     delay(a);
 732   2      
 733   2            }
 734   1      
 735   1      }
 736          
 737          void flash_8()
C51 COMPILER V8.08   FLASH                                                                 05/13/2018 16:40:33 PAGE 13  

 738          
 739          {
 740   1      
 741   1            uchar i;
 742   1      
 743   1            for (i=5;i<8;i++)
 744   1      
 745   1            {
 746   2      
 747   2                     tranoutchar(i,10000);
 748   2      
 749   2                     delay(60000);
 750   2      
 751   2                     delay(60000);
 752   2      
 753   2            }
 754   1      
 755   1      }
 756          
 757          void flash_9()
 758          
 759          {
 760   1      
 761   1            char i;
 762   1      
 763   1            uchar j,an[8],x,y,t,x1,y1;
 764   1      
 765   1            for (i=0;i<8;i++)
 766   1      
 767   1            {
 768   2      
 769   2                     box_apeak_xy (i,0,0,i,7,7,1,1);
 770   2      
 771   2                     if (i)
 772   2      
 773   2                     box_apeak_xy (i-1,0,0,i-1,7,7,1,0);
 774   2      
 775   2                     delay(10000);
 776   2      
 777   2            }
 778   1      
 779   1            roll_apeak_xy(3,10000);
 780   1      
 781   1            roll_apeak_xy(0,10000);
 782   1      
 783   1            roll_apeak_xy(1,10000);
 784   1      
 785   1            for (i=0;i<7;i++)
 786   1      
 787   1            {
 788   2      
 789   2                     line(6-i,6-i,0,6-i,6-i,7,1);
 790   2      
 791   2                     line(i,7,0,i,7,7,0);
 792   2      
 793   2                     delay(10000);
 794   2      
 795   2            }
 796   1      
 797   1            for (i=0;i<8;i++)
 798   1      
 799   1                     an[i]=14;
C51 COMPILER V8.08   FLASH                                                                 05/13/2018 16:40:33 PAGE 14  

 800   1      
 801   1            for (i=0;i<85;i++)
 802   1      
 803   1            {
 804   2      
 805   2                     clear(0);
 806   2      
 807   2                     for (j=0;j<8;j++)
 808   2      
 809   2                     {
 810   3      
 811   3                               t=an[j]%28;
 812   3      
 813   3                               x=dat2[t]>>5;
 814   3      
 815   3                               y=(dat2[t]>>2)&0x07;
 816   3      
 817   3                               t=(an[j]-14)%28;
 818   3      
 819   3                               x1=dat2[t]>>5;
 820   3      
 821   3                               y1=(dat2[t]>>2)&0x07;
 822   3      
 823   3                               line(x,y,j,x1,y1,j,1);
 824   3      
 825   3                     }
 826   2      
 827   2                     for (j=0;j<8;j++)
 828   2      
 829   2                     {
 830   3      
 831   3                     if ((i>j)&(j>i-71))
 832   3      
 833   3                     an[j]++;
 834   3      
 835   3                     } 
 836   2      
 837   2                     delay(5000);
 838   2      
 839   2            }
 840   1      
 841   1            for (i=0;i<85;i++)
 842   1      
 843   1            {
 844   2      
 845   2                     clear(0);
 846   2      
 847   2                     for (j=0;j<8;j++)
 848   2      
 849   2                     {
 850   3      
 851   3                               t=an[j]%28;
 852   3      
 853   3                               x=dat2[t]>>5;
 854   3      
 855   3                               y=(dat2[t]>>2)&0x07;
 856   3      
 857   3                               t=(an[j]-14)%28;
 858   3      
 859   3                               x1=dat2[t]>>5;
 860   3      
 861   3                               y1=(dat2[t]>>2)&0x07;
C51 COMPILER V8.08   FLASH                                                                 05/13/2018 16:40:33 PAGE 15  

 862   3      
 863   3                               line(x,y,j,x1,y1,j,1);
 864   3      
 865   3                     }
 866   2      
 867   2                     for (j=0;j<8;j++)
 868   2      
 869   2                     {
 870   3      
 871   3                     if ((i>j)&(j>i-71))
 872   3      
 873   3                     an[j]--;
 874   3      
 875   3                     } 
 876   2      
 877   2                     delay(5000);
 878   2      
 879   2            }
 880   1      
 881   1            for (i=0;i<29;i++)
 882   1      
 883   1            {
 884   2      
 885   2                     clear(0);
 886   2      
 887   2      
 888   2      
 889   2                     t=an[0]%28;
 890   2      
 891   2                     x=dat2[t]>>5;
 892   2      
 893   2                     y=(dat2[t]>>2)&0x07;
 894   2      
 895   2                     t=(an[0]-14)%28;
 896   2      
 897   2                     x1=dat2[t]>>5;
 898   2      
 899   2                     y1=(dat2[t]>>2)&0x07;
 900   2      
 901   2                     box_apeak_xy(x,y,0,x1,y1,7,0,1);
 902   2      
 903   2                     box_apeak_xy(x,y,1,x1,y1,6,0,1);
 904   2      
 905   2                     an[0]++; 
 906   2      
 907   2                     delay(5000);
 908   2      
 909   2            }
 910   1      
 911   1            for (i=0;i<16;i++)
 912   1      
 913   1            {
 914   2      
 915   2                     clear(0);
 916   2      
 917   2      
 918   2      
 919   2                     t=an[0]%28;
 920   2      
 921   2                     x=dat2[t]>>5;
 922   2      
 923   2                     y=(dat2[t]>>2)&0x07;
C51 COMPILER V8.08   FLASH                                                                 05/13/2018 16:40:33 PAGE 16  

 924   2      
 925   2                     t=(an[0]-14)%28;
 926   2      
 927   2                     x1=dat2[t]>>5;
 928   2      
 929   2                     y1=(dat2[t]>>2)&0x07;
 930   2      
 931   2                     box_apeak_xy(x,y,0,x1,y1,7,1,1);
 932   2      
 933   2                     an[0]--; 
 934   2      
 935   2                     delay(5000);
 936   2      
 937   2            }
 938   1      
 939   1            for (i=0;i<8;i++)
 940   1      
 941   1            {
 942   2      
 943   2                     line(i,i,0,0,0,i,0);
 944   2      
 945   2                     delay(5000);
 946   2      
 947   2            }
 948   1      
 949   1            for (i=1;i<7;i++)
 950   1      
 951   1            {
 952   2      
 953   2                     line(i,i,7,7,7,i,0);
 954   2      
 955   2                     delay(5000);
 956   2      
 957   2            }
 958   1      
 959   1            for (i=1;i<8;i++)
 960   1      
 961   1            {
 962   2      
 963   2                     clear(0);
 964   2      
 965   2                     box(7,7,7,7-i,7-i,7-i,0,1);
 966   2      
 967   2                     delay(10000);
 968   2      
 969   2            }
 970   1      
 971   1            for (i=1;i<7;i++)
 972   1      
 973   1            {
 974   2      
 975   2                     clear(0);
 976   2      
 977   2                     box(0,0,0,7-i,7-i,7-i,0,1);
 978   2      
 979   2                     delay(10000);
 980   2      
 981   2            }
 982   1      
 983   1            for (i=1;i<8;i++)
 984   1      
 985   1            {
C51 COMPILER V8.08   FLASH                                                                 05/13/2018 16:40:33 PAGE 17  

 986   2      
 987   2                     clear(0);
 988   2      
 989   2                     box(0,0,0,i,i,i,0,1);
 990   2      
 991   2                     delay(10000);
 992   2      
 993   2            }
 994   1      
 995   1            for (i=1;i<7;i++)
 996   1      
 997   1            {
 998   2      
 999   2                     clear(0);
1000   2      
1001   2                     box(7,0,0,i,7-i,7-i,0,1);
1002   2      
1003   2                     delay(10000);
1004   2      
1005   2            }
1006   1      
1007   1            for (i=1;i<8;i++)
1008   1      
1009   1            {
1010   2      
1011   2                     box(7,0,0,7-i,i,i,1,1);
1012   2      
1013   2                     delay(10000);
1014   2      
1015   2            }
1016   1      
1017   1            for (i=1;i<7;i++)
1018   1      
1019   1            {
1020   2      
1021   2                     clear(0);
1022   2      
1023   2                     box(0,7,7,7-i,i,i,1,1);
1024   2      
1025   2                     delay(10000);
1026   2      
1027   2            }
1028   1      
1029   1      }
1030          
1031          void flash_10()
1032          
1033          {
1034   1      
1035   1            uchar i,j,an[4],x,y,t;
1036   1      
1037   1            for (i=1;i<7;i++)
1038   1      
1039   1            {
1040   2      
1041   2                     
1042   2      
1043   2                     clear(0);
1044   2      
1045   2                     box(0,6,6,1,7,7,1,1);
1046   2      
1047   2                     box(i,6,6-i,i+1,7,7-i,1,1);
C51 COMPILER V8.08   FLASH                                                                 05/13/2018 16:40:33 PAGE 18  

1048   2      
1049   2                     box(i,6,6,i+1,7,7,1,1);
1050   2      
1051   2                     box(0,6,6-i,1,7,7-i,1,1);
1052   2      
1053   2                     box(0,6-i,6,1,7-i,7,1,1);
1054   2      
1055   2                     box(i,6-i,6-i,i+1,7-i,7-i,1,1);
1056   2      
1057   2                     box(i,6-i,6,i+1,7-i,7,1,1);
1058   2      
1059   2                     box(0,6-i,6-i,1,7-i,7-i,1,1);
1060   2      
1061   2                     delay(30000);
1062   2      
1063   2            }
1064   1      
1065   1            for (i=0;i<4;i++)
1066   1      
1067   1            {
1068   2      
1069   2                     an[i]=6*i;
1070   2      
1071   2            }
1072   1      
1073   1            for (i=0;i<35;i++)
1074   1      
1075   1            {
1076   2      
1077   2                     clear(0);
1078   2      
1079   2                     for(j=0;j<4;j++)
1080   2      
1081   2                     {
1082   3      
1083   3                               t=an[j]%24;
1084   3      
1085   3                               x=dat3[t]>>4;
1086   3      
1087   3                               y=dat3[t]&0x0f;
1088   3      
1089   3                               box(x,y,0,x+1,y+1,1,1,1);
1090   3      
1091   3                               box(x,y,6,x+1,y+1,7,1,1);
1092   3      
1093   3                     }
1094   2      
1095   2                     for (j=0;j<4;j++)
1096   2      
1097   2                     an[j]++; 
1098   2      
1099   2                     delay(10000);
1100   2      
1101   2            }
1102   1      
1103   1            for (i=0;i<35;i++)
1104   1      
1105   1            {
1106   2      
1107   2                     clear(0);
1108   2      
1109   2                     for(j=0;j<4;j++)
C51 COMPILER V8.08   FLASH                                                                 05/13/2018 16:40:33 PAGE 19  

1110   2      
1111   2                     {
1112   3      
1113   3                               t=an[j]%24;
1114   3      
1115   3                               x=dat3[t]>>4;
1116   3      
1117   3                               y=dat3[t]&0x0f;
1118   3      
1119   3                               box(x,y,0,x+1,y+1,1,1,1);
1120   3      
1121   3                               box(x,y,6,x+1,y+1,7,1,1);
1122   3      
1123   3                     }
1124   2      
1125   2                     for (j=0;j<4;j++)
1126   2      
1127   2                     an[j]--; 
1128   2      
1129   2                     delay(10000);
1130   2      
1131   2            }
1132   1      
1133   1            for (i=0;i<35;i++)
1134   1      
1135   1            {
1136   2      
1137   2                     clear(0);
1138   2      
1139   2                     for(j=0;j<4;j++)
1140   2      
1141   2                     {
1142   3      
1143   3                               t=an[j]%24;
1144   3      
1145   3                               x=dat3[t]>>4;
1146   3      
1147   3                               y=dat3[t]&0x0f;
1148   3      
1149   3                               box(x,0,y,x+1,1,y+1,1,1);
1150   3      
1151   3                               box(x,6,y,x+1,7,y+1,1,1);
1152   3      
1153   3                     }
1154   2      
1155   2                     for (j=0;j<4;j++)
1156   2      
1157   2                     an[j]++; 
1158   2      
1159   2                     delay(10000);
1160   2      
1161   2            }
1162   1      
1163   1            for (i=0;i<36;i++)
1164   1      
1165   1            {
1166   2      
1167   2                     clear(0);
1168   2      
1169   2                     for(j=0;j<4;j++)
1170   2      
1171   2                     {
C51 COMPILER V8.08   FLASH                                                                 05/13/2018 16:40:33 PAGE 20  

1172   3      
1173   3                               t=an[j]%24;
1174   3      
1175   3                               x=dat3[t]>>4;
1176   3      
1177   3                               y=dat3[t]&0x0f;
1178   3      
1179   3                               box(x,0,y,x+1,1,y+1,1,1);
1180   3      
1181   3                               box(x,6,y,x+1,7,y+1,1,1);
1182   3      
1183   3                     }
1184   2      
1185   2                     for (j=0;j<4;j++)
1186   2      
1187   2                     an[j]--; 
1188   2      
1189   2                     delay(10000);
1190   2      
1191   2            }
1192   1      
1193   1            for (i=6;i>0;i--)
1194   1      
1195   1            {
1196   2      
1197   2                     
1198   2      
1199   2                     clear(0);
1200   2      
1201   2                     box(0,6,6,1,7,7,1,1);
1202   2      
1203   2                     box(i,6,6-i,i+1,7,7-i,1,1);
1204   2      
1205   2                     box(i,6,6,i+1,7,7,1,1);
1206   2      
1207   2                     box(0,6,6-i,1,7,7-i,1,1);
1208   2      
1209   2                     box(0,6-i,6,1,7-i,7,1,1);
1210   2      
1211   2                     box(i,6-i,6-i,i+1,7-i,7-i,1,1);
1212   2      
1213   2                     box(i,6-i,6,i+1,7-i,7,1,1);
1214   2      
1215   2                     box(0,6-i,6-i,1,7-i,7-i,1,1);
1216   2      
1217   2                     delay(3000);
1218   2      
1219   2            }
1220   1      
1221   1      }
1222          
1223          void flash_11()
1224          
1225          {
1226   1      
1227   1            uchar i,j,t,x,y;
1228   1      
1229   1            uchar code daa[13]={0,1,2,0x23,5,6,7,6,5,0x23,2,1,0};
1230   1      
1231   1            for (j=0;j<5;j++)
1232   1      
1233   1            {
C51 COMPILER V8.08   FLASH                                                                 05/13/2018 16:40:33 PAGE 21  

1234   2      
1235   2                     for (i=0;i<13;i++)
1236   2      
1237   2                     {
1238   3      
1239   3                               if (daa[i]>>4)
1240   3      
1241   3                               {
1242   4      
1243   4                                        t=daa[i]&0x0f;
1244   4      
1245   4                                        line (0,0,t+1,0,7,t+1,1);
1246   4      
1247   4                               }
1248   3      
1249   3                               else 
1250   3      
1251   3                                        t=daa[i];
1252   3      
1253   3                               line (0,0,t,0,7,t,1);
1254   3      
1255   3                               transss();
1256   3      
1257   3                               delay(10000);
1258   3      
1259   3                     }
1260   2      
1261   2            }
1262   1      
1263   1            for (j=1;j<8;j++)
1264   1      
1265   1            {
1266   2      
1267   2                     if (j>3)
1268   2      
1269   2                               t=4;
1270   2      
1271   2                     else
1272   2      
1273   2                               t=j;
1274   2      
1275   2                     for (i=0;i<24;i+=j)
1276   2      
1277   2                     {
1278   3      
1279   3                               x=dat3[i]>>4;
1280   3      
1281   3                               y=dat3[i]&0x0f;
1282   3      
1283   3                               box_apeak_xy(0,x,y,0,x+1,y+1,1,1);
1284   3      
1285   3                               transss();
1286   3      
1287   3                               delay(10000);
1288   3      
1289   3                     }
1290   2      
1291   2            }
1292   1      
1293   1            for (j=1;j<8;j++)
1294   1      
1295   1            {
C51 COMPILER V8.08   FLASH                                                                 05/13/2018 16:40:33 PAGE 22  

1296   2      
1297   2                     if (j>3)
1298   2      
1299   2                               t=4;
1300   2      
1301   2                     else
1302   2      
1303   2                               t=j;
1304   2      
1305   2                     for (i=0;i<24;i+=j)
1306   2      
1307   2                     {
1308   3      
1309   3                               x=dat3[i]>>4;
1310   3      
1311   3                               y=dat3[i]&0x0f;
1312   3      
1313   3                               point (0,x,y,1);
1314   3      
1315   3                               transss();
1316   3      
1317   3                               delay(10000);
1318   3      
1319   3                     }
1320   2      
1321   2            }
1322   1      
1323   1      }
1324          
1325          void flash(int x)
1326          {
1327   1              switch(x){
1328   2                      case 1:flash_1();break;
1329   2                      case 2:flash_2();break;
1330   2                      case 3:flash_3();break;
1331   2                      case 4:flash_4();break;
1332   2                      case 5:flash_5();break;
1333   2                      case 6:flash_6();break;
1334   2                      case 7:flash_7();break;
1335   2                      case 8:flash_8();break;
1336   2                      case 9:flash_9();break;
1337   2                      case 10:flash_10();break;
1338   2                      case 11:flash_11();break;
1339   2              }
1340   1      }
1341          


MODULE INFORMATION:   STATIC OVERLAYABLE
   CODE SIZE        =   6723    ----
   CONSTANT SIZE    =     13    ----
   XDATA SIZE       =   ----    ----
   PDATA SIZE       =   ----      57
   DATA SIZE        =   ----    ----
   IDATA SIZE       =   ----    ----
   BIT SIZE         =   ----    ----
END OF MODULE INFORMATION.


C51 COMPILATION COMPLETE.  0 WARNING(S),  0 ERROR(S)
